
avg_arr.cpp        3.6    Overloading Functions 
bellmult.cpp       3.2    Function Definition 
def_args.cpp       3.5    Default Arguments 
ex1.cpp            Exercis 
ex7_b.cpp          Exercis 
min_int.cpp        3.3    The return Statement 
sum_arr3.cpp       3.14   Passing Arrays to Functions 
add3.cpp           3.4    Function Prototypes 
bell.cpp           3.1    Functions 
call_ref.cpp       3.10   Pointer Types 
cir_main.cpp       3.8.3  Storage Class extern 
dynarray.cpp       3.19   Free Store Operators New and Delete 
circle3.cpp        3.8.3  Storage Class extern 
ex3.cpp            Exercis 
ex7_a.cpp          Exercis 
ex9.cpp            Exercis 
min_dbl.cpp        3.3    The return Statement 
sim_call.cpp       3.15   Reference Declarations and Call-by-Reference 
str_func.cpp       3.17   The char* Convention 
sum_arr2.cpp       3.13   The Relationship Between Arrays and Pointers 
ex2.cpp            Exercis 
inline_t.cpp       3.7    Inlining 
scope_t.cpp        3.8    Scope and Storage Class 
stat_tst.cpp       3.8.4  Storage Class static 
namespac.cpp       3.9    Namespaces 
greater.cpp        3.15   Reference Declarations and Call-by-Reference 
order.cpp          3.15   Reference Declarations and Call-by-Reference 
ex6.cpp            Exercis 
ex11.cpp           Exercis 
sum_arr1.cpp       3.12   Arrays and Pointers 